// Jest Snapshot v1, https://goo.gl/fbAQLP

exports[`Rockets Componet should display content 1`] = `undefined`;
