// Jest Snapshot v1, https://goo.gl/fbAQLP

exports[`Missions Component should display content 1`] = `undefined`;
